// Jest Snapshot v1, https://goo.gl/fbAQLP

exports[`ContestRow renders correctly 1`] = `
<View
  accessible={true}
  focusable={true}
  isTVSelectable={true}
  onClick={[Function]}
  onResponderGrant={[Function]}
  onResponderMove={[Function]}
  onResponderRelease={[Function]}
  onResponderTerminate={[Function]}
  onResponderTerminationRequest={[Function]}
  onStartShouldSetResponder={[Function]}
  style={
    Object {
      "opacity": 1,
      "paddingBottom": 12,
      "paddingTop": 8,
    }
  }
>
  <Text
    style={
      Object {
        "fontFamily": "Lato",
        "fontSize": 18,
      }
    }
  >
    🇫🇮 RW Helsinki 2019
  </Text>
  <Text
    style={
      Object {
        "color": "#666666",
        "fontFamily": "Lato",
        "fontSize": 16,
      }
    }
  >
    January 1
  </Text>
</View>
`;
