// Jest Snapshot v1, https://goo.gl/fbAQLP

exports[`PerformanceRow renders correctly 1`] = `
<View
  accessible={true}
  focusable={true}
  isTVSelectable={true}
  onClick={[Function]}
  onResponderGrant={[Function]}
  onResponderMove={[Function]}
  onResponderRelease={[Function]}
  onResponderTerminate={[Function]}
  onResponderTerminationRequest={[Function]}
  onStartShouldSetResponder={[Function]}
  style={
    Object {
      "flexDirection": "row",
      "opacity": 1,
      "paddingHorizontal": 16,
      "paddingVertical": 12,
    }
  }
>
  <Text
    style={
      Object {
        "fontFamily": "Lato",
        "fontSize": 16,
        "fontWeight": "bold",
      }
    }
  >
    09:45
  </Text>
  <View
    style={
      Object {
        "flex": 1,
        "marginLeft": 16,
      }
    }
  >
    <Text
      style={
        Object {
          "fontFamily": "Lato",
          "fontSize": 16,
          "fontWeight": "bold",
        }
      }
    >
      Violine solo, AG II
    </Text>
    <Text
      style={
        Object {
          "fontFamily": "Lato",
          "fontSize": 16,
          "marginTop": 8,
        }
      }
    >
      Theo Trompeter, Trompete
Paula Pianistin, Klavier
    </Text>
  </View>
</View>
`;
